Microchip MPLAB XC8 Compiler V2.32

Linker command line:

-W-3 --edf=C:\Program Files\Microchip\xc8\v2.32\pic\dat\en_msgs.txt -cn \
  -h+dist/default/production\speedctrl16f.X.production.sym \
  --cmf=dist/default/production\speedctrl16f.X.production.cmf -z -Q16F877A \
  -oC:\Users\gopik\AppData\Local\Temp\xcAs488.4 --defsym=__MPLAB_BUILD=1 \
  -Mdist/default/production/speedctrl16f.X.production.map -E1 \
  -ver=XC8 Compiler --acfsm=1493 -ASTACK=0110h-016Fh -pstack=STACK \
  -ACODE=00h-07FFhx4 -ASTRCODE=00h-01FFFh -ASTRING=00h-0FFhx32 \
  -ACONST=00h-0FFhx32 -AENTRY=00h-0FFhx32 -ACOMMON=070h-07Fh \
  -ABANK0=020h-06Fh -ABANK1=0A0h-0EFh -ABANK2=0110h-016Fh \
  -ABANK3=0190h-01EFh -ARAM=020h-06Fh,0A0h-0EFh,0110h-016Fh,0190h-01EFh \
  -AABS1=020h-07Fh,0A0h-0EFh,0110h-016Fh,0190h-01EFh -ASFR0=00h-01Fh \
  -ASFR1=080h-09Fh -ASFR2=0100h-010Fh -ASFR3=0180h-018Fh \
  -ACONFIG=02007h-02007h -DCONFIG=2 -AIDLOC=02000h-02003h -DIDLOC=2 \
  -AEEDATA=00h-0FFh/02100h -peeprom_data=EEDATA -DEEDATA=2 -DCODE=2 \
  -DSTRCODE=2 -DSTRING=2 -DCONST=2 -DENTRY=2 \
  -preset_vec=00h,intentry,init,end_init -ppowerup=CODE -pcinit=CODE \
  -pfunctab=ENTRY -k C:\Users\gopik\AppData\Local\Temp\xcAs488.o \
  dist/default/production\speedctrl16f.X.production.o 

Object code version is 3.11

Machine type is 16F877A



                Name                               Link     Load   Length Selector   Space Scale
C:\Users\gopik\AppData\Local\Temp\xcAs488.o
                end_init                              0        0        3        0       0
                config                             2007     2007        1        0       4
dist/default/production\speedctrl16f.X.production.o
                cinit                               7E2      7E2       1E      FC4       0
                config                             2007     2007        1        0       4
                text10                                A        A        9       14       0
                text9                               F5D      F5D       2B     1EBA       0
                text8                                8F       8F       9D      11E       0
                text7                               2A4      2A4      1DD      548       0
                text6                               F36      F36       27     1E6C       0
                text5                               481      481      361      902       0
                text4                                13       13       7C       26       0
                text3                               12C      12C       BC      258       0
                text2                               1E8      1E8       BC      3D0       0
                text1                               FBF      FBF       41     1F7E       0
                maintext                            F88      F88       37     1F10       0
                cstackBANK0                          20       20       4F       20       1
                cstackCOMMON                         70       70        D       70       1
                cstackBANK1                          A0       A0        B       A0       1
                dataBANK1                            AB       AB        4       A0       1
                idataBANK1                            6        6        4        C       0

TOTAL           Name                               Link     Load   Length     Space
        CLASS   STACK          

        CLASS   CODE           
                end_init                              0        0        3         0
                cinit                               7E2      7E2       1E         0
                text10                                A        A        9         0
                text9                               F5D      F5D       2B         0
                text8                                8F       8F       9D         0
                text7                               2A4      2A4      1DD         0
                text6                               F36      F36       27         0
                text5                               481      481      361         0
                text4                                13       13       7C         0
                text3                               12C      12C       BC         0
                text2                               1E8      1E8       BC         0
                text1                               FBF      FBF       41         0
                maintext                            F88      F88       37         0
                idataBANK1                            6        6        4         0

        CLASS   STRCODE        

        CLASS   STRING         

        CLASS   CONST          

        CLASS   ENTRY          

        CLASS   COMMON         
                cstackCOMMON                         70       70        D         1

        CLASS   BANK0          
                cstackBANK0                          20       20       4F         1

        CLASS   BANK1          
                cstackBANK1                          A0       A0        B         1
                dataBANK1                            AB       AB        4         1

        CLASS   BANK2          

        CLASS   BANK3          

        CLASS   RAM            

        CLASS   ABS1           
                abs_s1                               7E       7E        2         1

        CLASS   SFR0           

        CLASS   SFR1           

        CLASS   SFR2           

        CLASS   SFR3           

        CLASS   CONFIG         
                config                             2007     2007        1         4

        CLASS   IDLOC          

        CLASS   EEDATA         



SEGMENTS        Name                           Load    Length   Top    Selector   Space  Class     Delta

                reset_vec                      000000  000003  000003         0       0  CODE        2
                idataBANK1                     000006  000004  00000A         C       0  CODE        2
                text10                         00000A  000009  000013        14       0  CODE        2
                cstackBANK0                    000020  00004F  00006F        20       1  BANK0       1
                text4                          000013  00007C  00008F        26       0  CODE        2
                cstackCOMMON                   000070  00000D  00007D        70       1  COMMON      1
                cstackBANK1                    0000A0  00000F  0000AF        A0       1  BANK1       1
                text8                          00008F  00009D  00012C       11E       0  CODE        2
                text3                          00012C  0000BC  0001E8       258       0  CODE        2
                text2                          0001E8  0000BC  0002A4       3D0       0  CODE        2
                text7                          0002A4  0001DD  000481       548       0  CODE        2
                text5                          000481  000361  0007E2       902       0  CODE        2
                cinit                          0007E2  00001E  000800       FC4       0  CODE        2
                text6                          000F36  000027  000F5D      1E6C       0  CODE        2
                text9                          000F5D  00002B  000F88      1EBA       0  CODE        2
                maintext                       000F88  000037  000FBF      1F10       0  CODE        2
                text1                          000FBF  000041  001000      1F7E       0  CODE        2


UNUSED ADDRESS RANGES

        Name                Unused          Largest block    Delta
        BANK0            006F-006F              1           1
        BANK1            00AF-00EF             41           1
        BANK2            0110-016F             60           1
        BANK3            0190-01EF             60           1
        CODE             0003-0005              3           2
                         0800-0F35            736
                         1000-1FFF            800
        COMMON           007D-007D              1           1
        CONST            0003-0005              3           2
                         0800-0F35            100
                         1000-1FFF            100
        EEDATA           2100-21FF            100           2
        ENTRY            0003-0005              3           2
                         0800-0F35            100
                         1000-1FFF            100
        IDLOC            2000-2003              4           2
        RAM              006F-006F              1           1
                         00AF-00EF             41
                         0110-016F             60
                         0190-01EF             60
        SFR0             0000-001F             20           1
        SFR1             0080-009F             20           1
        SFR2             0100-010F             10           1
        SFR3             0180-018F             10           1
        STACK            0110-016F             60           1
        STRCODE          0003-0005              3           2
                         0800-0F35            736
                         1000-1FFF           1000
        STRING           0003-0005              3           2
                         0800-0F35            100
                         1000-1FFF            100

                                  Symbol Table

?_ADC_Read               cstackCOMMON 0070
?__Umul8_16              cstackCOMMON 0070
?___aldiv                cstackCOMMON 0070
?___fldiv                cstackBANK0  0030
?___flmul                cstackBANK0  004A
?___fltol                cstackBANK0  0064
?___xxtofl               cstackBANK0  0026
ADC_Read@channel         cstackCOMMON 0074
PWM_Duty@duty            cstackBANK1  00A0
_ADCON0                  (abs)        001F
_ADCON1                  (abs)        009F
_ADC_Initialize          text10       000A
_ADC_Read                text9        0F5D
_ADRESH                  (abs)        001E
_ADRESL                  (abs)        009E
_CCP1M2                  (abs)        00BA
_CCP1M3                  (abs)        00BB
_CCP1X                   (abs)        00BD
_CCP1Y                   (abs)        00BC
_CCPR1L                  (abs)        0015
_GO_nDONE                (abs)        00FA
_PR2                     (abs)        0092
_PWM_Duty                text2        01E8
_PWM_Initialize          text1        0FBF
_PWM_freq                dataBANK1    00AB
_T2CKPS0                 (abs)        0090
_T2CKPS1                 (abs)        0091
_TMR2ON                  (abs)        0092
_TRISA                   (abs)        0085
_TRISC                   (abs)        0087
_TRISC2                  (abs)        043A
_TRISD                   (abs)        0088
__Habs1                  abs1         0000
__Hbank0                 bank0        0000
__Hbank1                 bank1        0000
__Hbank2                 bank2        0000
__Hbank3                 bank3        0000
__Hcinit                 cinit        0800
__Hclrtext               clrtext      0000
__Hcode                  code         0000
__Hcommon                common       0000
__Hconfig                config       2008
__HcstackBANK0           cstackBANK0  0000
__HcstackBANK1           cstackBANK1  0000
__HcstackCOMMON          cstackCOMMON 0000
__HdataBANK1             dataBANK1    0000
__Heeprom_data           eeprom_data  0000
__Hend_init              end_init     0003
__Hfunctab               functab      0000
__HidataBANK1            idataBANK1   0000
__Hinit                  init         0000
__Hintentry              intentry     0000
__Hmaintext              maintext     0000
__Hpowerup               powerup      0000
__Hram                   ram          0000
__Hreset_vec             reset_vec    0000
__Hsfr0                  sfr0         0000
__Hsfr1                  sfr1         0000
__Hsfr2                  sfr2         0000
__Hsfr3                  sfr3         0000
__Hspace_0               (abs)        1000
__Hspace_1               (abs)        00AF
__Hspace_2               (abs)        0000
__Hspace_3               (abs)        0000
__Hspace_4               (abs)        400F
__Hstack                 stack        0000
__Hstrings               strings      0000
__Htext                  text         0000
__Labs1                  abs1         0000
__Lbank0                 bank0        0000
__Lbank1                 bank1        0000
__Lbank2                 bank2        0000
__Lbank3                 bank3        0000
__Lcinit                 cinit        07E2
__Lclrtext               clrtext      0000
__Lcode                  code         0000
__Lcommon                common       0000
__Lconfig                config       0000
__LcstackBANK0           cstackBANK0  0000
__LcstackBANK1           cstackBANK1  0000
__LcstackCOMMON          cstackCOMMON 0000
__LdataBANK1             dataBANK1    0000
__Leeprom_data           eeprom_data  0000
__Lend_init              end_init     0000
__Lfunctab               functab      0000
__LidataBANK1            idataBANK1   0000
__Linit                  init         0000
__Lintentry              intentry     0000
__Lmaintext              maintext     0000
__Lpowerup               powerup      0000
__Lram                   ram          0000
__Lreset_vec             reset_vec    0000
__Lsfr0                  sfr0         0000
__Lsfr1                  sfr1         0000
__Lsfr2                  sfr2         0000
__Lsfr3                  sfr3         0000
__Lspace_0               (abs)        0000
__Lspace_1               (abs)        0000
__Lspace_2               (abs)        0000
__Lspace_3               (abs)        0000
__Lspace_4               (abs)        0000
__Lstack                 stack        0000
__Lstrings               strings      0000
__Ltext                  text         0000
__S0                     (abs)        1000
__S1                     (abs)        00AF
__S2                     (abs)        0000
__S3                     (abs)        0000
__Umul8_16               text6        0F36
__Umul8_16@multiplicand  cstackCOMMON 0070
__Umul8_16@multiplier    cstackCOMMON 0078
__Umul8_16@product       cstackCOMMON 0074
__Umul8_16@word_mpld     cstackCOMMON 0076
___aldiv                 text8        008F
___aldiv@counter         cstackBANK0  0020
___aldiv@dividend        cstackCOMMON 0074
___aldiv@divisor         cstackCOMMON 0070
___aldiv@quotient        cstackBANK0  0022
___aldiv@sign            cstackBANK0  0021
___fldiv                 text7        02A4
___fldiv@a               cstackBANK0  0030
___fldiv@aexp            cstackBANK0  0049
___fldiv@b               cstackBANK0  0034
___fldiv@bexp            cstackBANK0  0048
___fldiv@grs             cstackBANK0  0044
___fldiv@new_exp         cstackBANK0  0042
___fldiv@rem             cstackBANK0  003D
___fldiv@sign            cstackBANK0  0041
___flmul                 text5        0481
___flmul@a               cstackBANK0  004E
___flmul@aexp            cstackBANK0  005C
___flmul@b               cstackBANK0  004A
___flmul@bexp            cstackBANK0  005D
___flmul@grs             cstackBANK0  0058
___flmul@prod            cstackBANK0  005E
___flmul@sign            cstackBANK0  0057
___flmul@temp            cstackBANK0  0062
___fltol                 text4        0013
___fltol@exp1            cstackBANK0  006E
___fltol@f1              cstackBANK0  0064
___fltol@sign1           cstackBANK0  006D
___int_sp                stack        0000
___latbits               (abs)        0002
___sp                    stack        0000
___stackhi               (abs)        0000
___stacklo               (abs)        0000
___xxtofl                text3        012C
___xxtofl@arg            cstackBANK0  002C
___xxtofl@exp            cstackBANK0  002B
___xxtofl@sign           cstackBANK0  002A
___xxtofl@val            cstackBANK0  0026
__end_of_ADC_Initialize  text10       0013
__end_of_ADC_Read        text9        0F88
__end_of_PWM_Duty        text2        02A4
__end_of_PWM_Initialize  text1        1000
__end_of__Umul8_16       text6        0F5D
__end_of___aldiv         text8        012C
__end_of___fldiv         text7        0481
__end_of___flmul         text5        07E2
__end_of___fltol         text4        008F
__end_of___xxtofl        text3        01E8
__end_of__initialization cinit        07FC
__end_of_main            maintext     0FBF
__initialization         cinit        07E2
__pcstackBANK0           cstackBANK0  0020
__pcstackBANK1           cstackBANK1  00A0
__pcstackCOMMON          cstackCOMMON 0070
__pdataBANK1             dataBANK1    00AB
__pidataBANK1            idataBANK1   0006
__pmaintext              maintext     0F88
__ptext1                 text1        0FBF
__ptext10                text10       000A
__ptext2                 text2        01E8
__ptext3                 text3        012C
__ptext4                 text4        0013
__ptext5                 text5        0481
__ptext6                 text6        0F36
__ptext7                 text7        02A4
__ptext8                 text8        008F
__ptext9                 text9        0F5D
__size_of_ADC_Initialize (abs)        0000
__size_of_ADC_Read       (abs)        0000
__size_of_PWM_Duty       (abs)        0000
__size_of_PWM_Initialize (abs)        0000
__size_of__Umul8_16      (abs)        0000
__size_of___aldiv        (abs)        0000
__size_of___fldiv        (abs)        0000
__size_of___flmul        (abs)        0000
__size_of___fltol        (abs)        0000
__size_of___xxtofl       (abs)        0000
__size_of_main           (abs)        0000
_main                    maintext     0F88
btemp                    (abs)        007E
end_of_initialization    cinit        07FC
intlevel0                functab      0000
intlevel1                functab      0000
intlevel2                functab      0000
intlevel3                functab      0000
intlevel4                functab      0000
intlevel5                functab      0000
main@adc_value           cstackBANK1  00A9
reset_vec                reset_vec    0000
start                    init         0000
start_initialization     cinit        07E2
wtemp0                   (abs)        007E


MODULE INFORMATION

Module		Function		Class		Link	Load	Size
C:\Program Files\Microchip\xc8\v2.32\pic\sources\c90\common\xxtofl.c
		___xxtofl      		CODE           	012C	0000	188

C:\Program Files\Microchip\xc8\v2.32\pic\sources\c90\common\xxtofl.c estimated size: 188

C:\Program Files\Microchip\xc8\v2.32\pic\sources\c90\common\Umul8_16.c
		__Umul8_16     		CODE           	0F36	0000	39

C:\Program Files\Microchip\xc8\v2.32\pic\sources\c90\common\Umul8_16.c estimated size: 39

newmain.c
		_PWM_Duty      		CODE           	01E8	0000	188
		_PWM_Initialize		CODE           	0FBF	0000	65
		_ADC_Initialize		CODE           	000A	0000	9
		_main          		CODE           	0F88	0000	55
		_ADC_Read      		CODE           	0F5D	0000	43

newmain.c estimated size: 360

shared
		__initialization		CODE           	07E2	0000	26

shared estimated size: 26

C:\Program Files\Microchip\xc8\v2.32\pic\sources\c90\common\sprcmul.c
		___flmul       		CODE           	0481	0000	865

C:\Program Files\Microchip\xc8\v2.32\pic\sources\c90\common\sprcmul.c estimated size: 865

C:\Program Files\Microchip\xc8\v2.32\pic\sources\c90\common\sprcdiv.c
		___fldiv       		CODE           	02A4	0000	477

C:\Program Files\Microchip\xc8\v2.32\pic\sources\c90\common\sprcdiv.c estimated size: 477

C:\Program Files\Microchip\xc8\v2.32\pic\sources\c90\common\fltol.c
		___fltol       		CODE           	0013	0000	124

C:\Program Files\Microchip\xc8\v2.32\pic\sources\c90\common\fltol.c estimated size: 124

C:\Program Files\Microchip\xc8\v2.32\pic\sources\c90\common\aldiv.c
		___aldiv       		CODE           	008F	0000	157

C:\Program Files\Microchip\xc8\v2.32\pic\sources\c90\common\aldiv.c estimated size: 157

